// Jest Snapshot v1, https://goo.gl/fbAQLP

exports[`Test ColorGradient Should match snapshot 1`] = `
[
  <div
    className="paint-preview category-title"
  >
    <span
      className="color-box"
      style={
        {
          "background": "url(color1,color2)",
        }
      }
    />
    <span
      className="item-content"
    >
      color1
      color2
    </span>
  </div>,
  <div
    className="gradient"
  >
    <div
      className="color-position"
    >
      <div
        className="circle"
      />
      <div
        className="position"
      />
      <div
        className="color-display"
      >
        <span
          className="color-box"
          style={
            {
              "background": "undefined",
            }
          }
        />
        <span
          className="hex-text"
        />
        <span />
      </div>
    </div>
    <div>
      <div
        className="line"
      />
      <div
        className="color-position"
      >
        <div
          className="circle"
        />
        <div
          className="position"
        />
        <div
          className="color-display"
        >
          <span
            className="color-box"
            style={
              {
                "background": "undefined",
              }
            }
          />
          <span
            className="hex-text"
          />
          <span />
        </div>
      </div>
    </div>
  </div>,
]
`;
